------
@nl "\x0a"
@package "package"
@identifier "demo"
@nl "\x0a"
@import "import"
@identifier "demo"
@dot "."
@identifier "Foo"
@nl "\x0a"
------
main
  file
    file_rest
      nl_star
        nl
          @nl
      package_decl
        @package
        qualified_name
          simple_id
            @identifier
        semi
          @nl
          nl_star
      import_decl
        @import
        qualified_name
          simple_id
            @identifier
          op_dot
            @dot
          simple_id
            @identifier
        semi
          @nl
          nl_star
      nl_star
