------
@shebang_line "#!/usr/bin/env kotlin"
@nl "
"
@package "package"
@identifier "demo"
@nl "
"
@nl "
"
@fun "fun"
@identifier "add"
  @lparen "("
  @rparen ")"
@assignment "="
@integer_literal "1"
@add "+"
@integer_literal "2"
@nl "
"
------
main
  file
    shebang_file
      shebang_line
        @shebang_line
        nl
          @nl
        nl_star
      file_rest
        nl_star
        package_decl
          @package
          qualified_name
            simple_id
              @identifier
          semi
            @nl
            nl_star
              nl
                @nl
        top_decl
          declaration
            fun_decl
              @fun
              simple_id
                @identifier
              value_params
                parens
                  @lparen
                  @rparen
              fun_body
                op_assignment
                  @assignment
                expr
                  postfix_expr
                    primary_expr
                      literal
                        @integer_literal
                  expr_tail
                    nl_star
                    operator
                      op_add
                        @add
                    nl_star
                    postfix_expr
                      primary_expr
                        literal
                          @integer_literal
        top_decl
          nl
            @nl
        nl_star
