------
@shebang_line "#!/usr/bin/env kotlin"
@nl "
"
@lit.package "package"
@ident "demo"
@nl "
"
@lit.val "val"
@ident "a"
@colon ":"
@ident "Int"
@assign "="
@int_lit "1"
@plus "+"
@nl "
"
@int_lit "2"
@star "*"
@int_lit "3"
@nl "
"
@lit.fun "fun"
@ident "b"
@lparen "("
@rparen ")"
@assign "="
@ident "a"
@nl "
"
------
main
  shebang_line
    @shebang_line
    @nl
  package_header
    package_header_body
      @lit.package
      identifier
        simple_id
          @ident
      semi
        semi_item
          @nl
  import_list
  top_level_object
    declaration
      property_declaration
        val_or_var
          @lit.val
        nl_property_variable
          property_variable
            variable_declaration
              simple_id
                @ident
              type_annotation
                @colon
                type
                  type_body
                    type_reference
                      user_type
                        simple_user_type
                          simple_id
                            @ident
        nl_type_constraints
          type_constraints
            @lit.where
        nl_property_initializer
          property_initializer
            @assign
            expression
              disjunction
                conjunction
                  equality
                    comparison
                      generic_call_like_comparison
                        infix_operation
                          elvis_expression
                            infix_function_call
                              range_expression
                                additive_expression
                                  multiplicative_expression
                                    as_expression
                                      prefix_unary_expression
                                        postfix_unary_expression
                                          primary_expression
                                            literal_constant
                                              @int_lit
                                  multiplicative_expression
                                    as_expression
                                      prefix_unary_expression
                                        postfix_unary_expression
                                          primary_expression
                                            literal_constant
                                              @int_lit
                                    as_expression
                                      prefix_unary_expression
                                        postfix_unary_expression
                                          primary_expression
                                            literal_constant
                                              @int_lit
    semis
      semi_item
        @nl
  top_level_object
    declaration
      function_declaration
        @lit.fun
        simple_id
          @ident
        function_value_parameters
          @lparen
          @rparen
        nl_function_body
          function_body
            @assign
            expression
              disjunction
                conjunction
                  equality
                    comparison
                      generic_call_like_comparison
                        infix_operation
                          elvis_expression
                            infix_function_call
                              range_expression
                                additive_expression
                                  multiplicative_expression
                                    as_expression
                                      prefix_unary_expression
                                        postfix_unary_expression
                                          primary_expression
                                            simple_id
                                              @ident
    semis
      semi_item
        @nl
