------
@lit.if "if"
@lparen "("
@ident "a"
@rparen ")"
  @lbrace "{"
  @lit.if "if"
  @lparen "("
  @ident "b"
  @rparen ")"
    @lbrace "{"
    @ident "x"
    @assign "="
    @number "1"
    @semi ";"
    @rbrace "}"
  @rbrace "}"
------
main
  stmt
    if_stmt
      @lit.if
      @lparen
      expr
        cmp
          arith
            term
              factor
                @ident
      @rparen
      block
        @lbrace
        stmt
          if_stmt
            @lit.if
            @lparen
            expr
              cmp
                arith
                  term
                    factor
                      @ident
            @rparen
            block
              @lbrace
              stmt
                assign_stmt
                  @ident
                  @assign
                  expr
                    cmp
                      arith
                        term
                          factor
                            @number
                  @semi
              @rbrace
        @rbrace
