------
@ident "x"
@assign "="
@ident "a"
@plus "+"
@ident "b"
@star "*"
@ident "c"
@minus "-"
@ident "d"
@slash "/"
@ident "e"
@semi ";"
------
main
  stmt
    assign_stmt
      @ident
      @assign
      expr
        cmp
          arith
            term
              factor
                @ident
            addop
              @plus
            term
              factor
                @ident
              mulop
                @star
              factor
                @ident
            addop
              @minus
            term
              factor
                @ident
              mulop
                @slash
              factor
                @ident
      @semi
