------
@lit.let "let"
@ident "x"
@assign "="
@number "1"
@plus "+"
@number "2"
@star "*"
@number "3"
@minus "-"
@number "4"
@semi ";"
------
main
  decl
    let_decl
      @lit.let
      @ident
      @assign
      expr
        term
          factor
            @number
        term
          factor
            @number
          factor
            @number
        term
          factor
            @number
      @semi
