------
@lit.fn "fn"
@ident "main"
@lparen "("
@rparen ")"
@lparen "("
@ident "foo"
@lparen "("
@number "1"
@comma ","
@number "2"
@rparen ")"
@semi ";"
@rparen ")"
------
main
  decl
    fn_decl
      @lit.fn
      @ident
      @lparen
      @rparen
      body
        @lparen
        stmt
          expr_stmt
            expr
              term
                factor
                  fn_call
                    @ident
                    @lparen
                    expr
                      term
                        factor
                          @number
                    expr
                      term
                        factor
                          @number
                    @rparen
            @semi
        @rparen
