------
@lit.fn "fn"
@ident "add"
@lparen "("
@ident "a"
@comma ","
@ident "b"
@rparen ")"
@lparen "("
@lit.return "return"
@ident "a"
@plus "+"
@ident "b"
@semi ";"
@rparen ")"
------
main
  decl
    fn_decl
      @lit.fn
      @ident
      @lparen
      param
        @ident
      @rparen
      body
