------
@lit.let "let"
@space " "
@ident "h"
@space " "
@assign "="
@space " "
@hex "0xFF"
@semi ";"
@space " "
@lit.let "let"
@space " "
@ident "t"
@space " "
@assign "="
@space " "
@true "TRUE"
@semi ";"
@space " "
@lit.let "let"
@space " "
@ident "f"
@space " "
@assign "="
@space " "
@false "false"
@semi ";"
------
