------
@lit.let "let"
@ident "h"
@assign "="
@hex "0xFF"
@semi ";"
@lit.let "let"
@ident "t"
@assign "="
@true "TRUE"
@semi ";"
@lit.let "let"
@ident "f"
@assign "="
@false "false"
@semi ";"
------
main
  decl
    let_decl
      @lit.let
      @ident
      @assign
      expr
        term
          factor
            @hex
      @semi
  decl
    let_decl
      @lit.let
      @ident
      @assign
      expr
        term
          factor
            @true
      @semi
  decl
    let_decl
      @lit.let
      @ident
      @assign
      expr
        term
          factor
            @false
      @semi
