------
  @dquote """
  @str_char "a"
  @str_char " "
    @interp_open "#{"
    @ident "x"
    @plus "+"
      @dquote """
      @str_char "b"
      @str_char " "
        @interp_open "#{"
        @ident "y"
        @interp_close "}"
      @str_char " "
      @str_char "c"
      @dquote """
    @interp_close "}"
  @str_char " "
  @str_char "d"
  @dquote """
------
main
  value
    str
      @dquote
      str_part
        @str_char
      str_part
        @str_char
      str_part
        interp
          @interp_open
          expr
            atom
              value
                @ident
            atom
              value
                str
                  @dquote
                  str_part
                    @str_char
                  str_part
                    @str_char
                  str_part
                    interp
                      @interp_open
                      expr
                        atom
                          value
                            @ident
                      @interp_close
                  str_part
                    @str_char
                  str_part
                    @str_char
                  @dquote
          @interp_close
      str_part
        @str_char
      str_part
        @str_char
      @dquote
