------
@lbrace "{"
@ident "x"
@colon ":"
@number "1"
@comma ","
@ident "y"
@colon ":"
@number "2"
@rbrace "}"
------
main
  value
    object
      @lbrace
      pair
        @ident
        @colon
        value
          @number
      pair
        @ident
        @colon
        value
          @number
      @rbrace
