------
@lparen "("
@number "1"
@plus "+"
@number "2"
@rparen ")"
@star "*"
@number "3"
------
main
  expr
    term
      factor
        @lparen
        expr
          term
            factor
              @number
          term
            factor
              @number
        @rparen
      factor
        @number
